// Jest Snapshot v1, https://goo.gl/fbAQLP

exports[`Missions tests should render 1`] = `
Object {
  "asFragment": [Function],
  "baseElement": <body>
    <div>
      <section
        class="missions-section"
      >
        <div
          class="missions"
        >
          <div
            class="container"
          >
            <div
              class="missions-header-section"
            >
              <p
                class="mission bold"
              >
                Mission
              </p>
              <p
                class="mission-description bold"
              >
                Description
              </p>
              <p
                class="active-div bold"
              >
                Status
              </p>
            </div>
          </div>
        </div>
      </section>
      ,
    </div>
  </body>,
  "container": <div>
    <section
      class="missions-section"
    >
      <div
        class="missions"
      >
        <div
          class="container"
        >
          <div
            class="missions-header-section"
          >
            <p
              class="mission bold"
            >
              Mission
            </p>
            <p
              class="mission-description bold"
            >
              Description
            </p>
            <p
              class="active-div bold"
            >
              Status
            </p>
          </div>
        </div>
      </div>
    </section>
    ,
  </div>,
  "debug": [Function],
  "findAllByAltText": [Function],
  "findAllByDisplayValue": [Function],
  "findAllByLabelText": [Function],
  "findAllByPlaceholderText": [Function],
  "findAllByRole": [Function],
  "findAllByTestId": [Function],
  "findAllByText": [Function],
  "findAllByTitle": [Function],
  "findByAltText": [Function],
  "findByDisplayValue": [Function],
  "findByLabelText": [Function],
  "findByPlaceholderText": [Function],
  "findByRole": [Function],
  "findByTestId": [Function],
  "findByText": [Function],
  "findByTitle": [Function],
  "getAllByAltText": [Function],
  "getAllByDisplayValue": [Function],
  "getAllByLabelText": [Function],
  "getAllByPlaceholderText": [Function],
  "getAllByRole": [Function],
  "getAllByTestId": [Function],
  "getAllByText": [Function],
  "getAllByTitle": [Function],
  "getByAltText": [Function],
  "getByDisplayValue": [Function],
  "getByLabelText": [Function],
  "getByPlaceholderText": [Function],
  "getByRole": [Function],
  "getByTestId": [Function],
  "getByText": [Function],
  "getByTitle": [Function],
  "queryAllByAltText": [Function],
  "queryAllByDisplayValue": [Function],
  "queryAllByLabelText": [Function],
  "queryAllByPlaceholderText": [Function],
  "queryAllByRole": [Function],
  "queryAllByTestId": [Function],
  "queryAllByText": [Function],
  "queryAllByTitle": [Function],
  "queryByAltText": [Function],
  "queryByDisplayValue": [Function],
  "queryByLabelText": [Function],
  "queryByPlaceholderText": [Function],
  "queryByRole": [Function],
  "queryByTestId": [Function],
  "queryByText": [Function],
  "queryByTitle": [Function],
  "rerender": [Function],
  "unmount": [Function],
}
`;
